../Core/Src/APP.c:219:6:APP_Init	56	static
../Core/Src/APP.c:263:6:APP_SoilSensorTask	24	static
../Core/Src/APP.c:386:6:APP_UartPrintTask	120	static
../Core/Src/APP.c:438:6:APP_PumpControlTask	208	static
../Core/Src/APP.c:996:6:APP_ButtonTask	24	static
../Core/Src/APP.c:1060:6:APP_WaterTankTask	104	static
../Core/Src/APP.c:1134:6:APP_SystemMonitorTask	24	static
../Core/Src/APP.c:1225:6:APP_SystemStatusTask	256	static
../Core/Src/APP.c:1270:6:APP_OledDisplayTask	40	static
../Core/Src/APP.c:1310:13:APP_SendSystemStatus	16	static
../Core/Src/APP.c:1332:20:APP_GetStateString	16	static
../Core/Src/APP.c:1362:20:APP_GetOledTitle	16	static
../Core/Src/APP.c:1389:13:APP_OLED_ShowStatus	56	static
../Core/Src/APP.c:1487:13:APP_UART_Print	16	static
../Core/Src/APP.c:1500:20:APP_GetErrorString	16	static
../Core/Src/APP.c:1524:16:APP_IsAdcSensorValid	16	static
../Core/Src/APP.c:1537:16:APP_CalculateMoisturePercent	24	static
../Core/Src/APP.c:1575:13:APP_SetSystemError	16	static
../Core/Src/APP.c:1603:13:APP_ClearSystemError	16	static
../Core/Src/APP.c:1631:22:APP_GetHighestPriorityError	4	static
../Core/Src/APP.c:1665:13:APP_UpdateCurrentError	8	static
